------------------------------------------------------------
TimeQuest Timing Analyzer Summary
------------------------------------------------------------

Type  : Slow 1200mV 85C Model Setup 'test|b2v_inst|altpll_component|auto_generated|pll1|clk[2]'
Slack : -0.808
TNS   : -15.915

Type  : Slow 1200mV 85C Model Setup 'test|b2v_inst|altpll_component|auto_generated|pll1|clk[0]'
Slack : 13.508
TNS   : 0.000

Type  : Slow 1200mV 85C Model Setup 'test|b2v_inst|altpll_component|auto_generated|pll1|clk[1]'
Slack : 32.017
TNS   : 0.000

Type  : Slow 1200mV 85C Model Hold 'test|b2v_inst|altpll_component|auto_generated|pll1|clk[2]'
Slack : 0.632
TNS   : 0.000

Type  : Slow 1200mV 85C Model Hold 'test|b2v_inst|altpll_component|auto_generated|pll1|clk[1]'
Slack : 0.743
TNS   : 0.000

Type  : Slow 1200mV 85C Model Hold 'test|b2v_inst|altpll_component|auto_generated|pll1|clk[0]'
Slack : 0.744
TNS   : 0.000

Type  : Slow 1200mV 85C Model Minimum Pulse Width 'test|b2v_inst|altpll_component|auto_generated|pll1|clk[2]'
Slack : 1.359
TNS   : 0.000

Type  : Slow 1200mV 85C Model Minimum Pulse Width 'test|b2v_inst|altpll_component|auto_generated|pll1|clk[0]'
Slack : 9.721
TNS   : 0.000

Type  : Slow 1200mV 85C Model Minimum Pulse Width 'sys_clk'
Slack : 9.858
TNS   : 0.000

Type  : Slow 1200mV 85C Model Minimum Pulse Width 'test|b2v_inst|altpll_component|auto_generated|pll1|clk[1]'
Slack : 18.948
TNS   : 0.000

Type  : Slow 1200mV 0C Model Setup 'test|b2v_inst|altpll_component|auto_generated|pll1|clk[2]'
Slack : -0.518
TNS   : -8.826

Type  : Slow 1200mV 0C Model Setup 'test|b2v_inst|altpll_component|auto_generated|pll1|clk[0]'
Slack : 13.994
TNS   : 0.000

Type  : Slow 1200mV 0C Model Setup 'test|b2v_inst|altpll_component|auto_generated|pll1|clk[1]'
Slack : 32.496
TNS   : 0.000

Type  : Slow 1200mV 0C Model Hold 'test|b2v_inst|altpll_component|auto_generated|pll1|clk[2]'
Slack : 0.562
TNS   : 0.000

Type  : Slow 1200mV 0C Model Hold 'test|b2v_inst|altpll_component|auto_generated|pll1|clk[0]'
Slack : 0.692
TNS   : 0.000

Type  : Slow 1200mV 0C Model Hold 'test|b2v_inst|altpll_component|auto_generated|pll1|clk[1]'
Slack : 0.692
TNS   : 0.000

Type  : Slow 1200mV 0C Model Minimum Pulse Width 'test|b2v_inst|altpll_component|auto_generated|pll1|clk[2]'
Slack : 1.359
TNS   : 0.000

Type  : Slow 1200mV 0C Model Minimum Pulse Width 'test|b2v_inst|altpll_component|auto_generated|pll1|clk[0]'
Slack : 9.719
TNS   : 0.000

Type  : Slow 1200mV 0C Model Minimum Pulse Width 'sys_clk'
Slack : 9.855
TNS   : 0.000

Type  : Slow 1200mV 0C Model Minimum Pulse Width 'test|b2v_inst|altpll_component|auto_generated|pll1|clk[1]'
Slack : 18.947
TNS   : 0.000

Type  : Fast 1200mV 0C Model Setup 'test|b2v_inst|altpll_component|auto_generated|pll1|clk[2]'
Slack : 1.916
TNS   : 0.000

Type  : Fast 1200mV 0C Model Setup 'test|b2v_inst|altpll_component|auto_generated|pll1|clk[0]'
Slack : 17.255
TNS   : 0.000

Type  : Fast 1200mV 0C Model Setup 'test|b2v_inst|altpll_component|auto_generated|pll1|clk[1]'
Slack : 35.791
TNS   : 0.000

Type  : Fast 1200mV 0C Model Hold 'test|b2v_inst|altpll_component|auto_generated|pll1|clk[2]'
Slack : 0.265
TNS   : 0.000

Type  : Fast 1200mV 0C Model Hold 'test|b2v_inst|altpll_component|auto_generated|pll1|clk[1]'
Slack : 0.297
TNS   : 0.000

Type  : Fast 1200mV 0C Model Hold 'test|b2v_inst|altpll_component|auto_generated|pll1|clk[0]'
Slack : 0.298
TNS   : 0.000

Type  : Fast 1200mV 0C Model Minimum Pulse Width 'test|b2v_inst|altpll_component|auto_generated|pll1|clk[2]'
Slack : 1.696
TNS   : 0.000

Type  : Fast 1200mV 0C Model Minimum Pulse Width 'sys_clk'
Slack : 9.423
TNS   : 0.000

Type  : Fast 1200mV 0C Model Minimum Pulse Width 'test|b2v_inst|altpll_component|auto_generated|pll1|clk[0]'
Slack : 9.797
TNS   : 0.000

Type  : Fast 1200mV 0C Model Minimum Pulse Width 'test|b2v_inst|altpll_component|auto_generated|pll1|clk[1]'
Slack : 19.029
TNS   : 0.000

------------------------------------------------------------
